// Jest Snapshot v1, https://goo.gl/fbAQLP

exports[`Test Render 1`] = `
<div
  style={
    Object {
      "position": "relative",
      "width": "320px",
    }
  }
>
  <span
    style={
      Object {
        "left": "0px",
      }
    }
  >
    <a
      className="first-arrow"
      onClick={undefined}
    >
      <img
        src="images/first-arrow.png"
      />
    </a>
    <a
      className="back-arrow"
      onClick={undefined}
    >
      <img
        src="images/back-arrow.png"
      />
    </a>
  </span>
  <span
    style={
      Object {
        "position": "absolute",
        "right": "0px",
      }
    }
  >
    <a
      className="next-arrow"
      onClick={undefined}
    >
      <img
        src="images/next-arrow.png"
      />
    </a>
    <a
      className="last-arrow"
      onClick={undefined}
    >
      <img
        src="images/last-arrow.png"
      />
    </a>
  </span>
</div>
`;
